// Jest Snapshot v1, https://goo.gl/fbAQLP

exports[`Footer basic snapshot render 1`] = `
<footer
  className="sc-AxhUy hgSSXO"
>
  <p>
    Â© Rob Butcher 2020.
  </p>
  <p>
    Images: 
    <a
      className="sc-AxiKw kSEELl"
      href="https://unsplash.com/"
      target="_blank"
    >
      Unsplash
    </a>
     and various recipe websites.
  </p>
</footer>
`;
