// Jest Snapshot v1, https://goo.gl/fbAQLP

exports[`IngredientCard basic snapshot render 1`] = `
<li
  className="sc-bdVaJa eIQMUN"
>
  fake_ingredient
</li>
`;
