// Jest Snapshot v1, https://goo.gl/fbAQLP

exports[`UnitCard basic snapshot render 1`] = `
<li
  className="sc-AxjAm iNhScg"
>
  fake_singular
  <aside>
    fake_plural
  </aside>
</li>
`;
