// Jest Snapshot v1, https://goo.gl/fbAQLP

exports[`RecipeCard basic snapshot render 1`] = `
<li
  className="sc-AxiKw jXQYCi"
>
  <a
    href="/recipe/fake_id"
    onClick={[Function]}
  >
    <figure>
      <img
        alt="fake_title image"
        src="fake_image"
      />
      <div>
        <span
          className="sc-AxjAm bvsuMB"
        >
          Chicken
        </span>
      </div>
      <figcaption>
        <h3>
          fake_title
        </h3>
      </figcaption>
    </figure>
    <section
      className="sc-AxirZ jBBJVq"
    >
      <mark>
        ★
      </mark>
      <mark>
        ★
      </mark>
      <mark>
        ★
      </mark>
      <mark>
        ★
      </mark>
    </section>
    <p>
      fake_description
    </p>
  </a>
</li>
`;
