// Jest Snapshot v1, https://goo.gl/fbAQLP

exports[`Main basic snapshot render 1`] = `
<main
  className="sc-AxhUy sc-AxgMl hQKHtI"
>
  <div>
    <section>
      <h2>
        fake_title
      </h2>
      <a
        className="sc-AxhCb iGINaf"
        href="/fake_link"
        onClick={[Function]}
      >
        fake_cta
      </a>
    </section>
    <div>
      fake_child
    </div>
  </div>
</main>
`;
