// Jest Snapshot v1, https://goo.gl/fbAQLP

exports[`RecipeGrid basic snapshot render 1`] = `
<ul
  className="sc-ifAKCX lkqgzt spinner"
>
  <li
    className="sc-bwzfXH gWWprb"
  >
    <figure>
      <aside />
      <figcaption>
        <h3>
          fake_title1
        </h3>
      </figcaption>
    </figure>
    <section
      className="sc-bdVaJa dyQPNL"
    >
      <mark>
        ★
      </mark>
      <mark>
        ★
      </mark>
      <mark>
        ★
      </mark>
      <mark>
        ★
      </mark>
    </section>
    <p>
      fake_description1
    </p>
  </li>
  <li
    className="sc-bwzfXH heyaQo"
  >
    <figure>
      <aside />
      <figcaption>
        <h3>
          fake_title2
        </h3>
      </figcaption>
    </figure>
    <section
      className="sc-bdVaJa dyQPNL"
    >
      <mark>
        ★
      </mark>
      <mark>
        ★
      </mark>
      <mark>
        ★
      </mark>
    </section>
    <p>
      fake_description2
    </p>
  </li>
</ul>
`;
