// Jest Snapshot v1, https://goo.gl/fbAQLP

exports[`Nav basic snapshot render 1`] = `
<nav
  className="sc-AxjAm hEyIcX"
>
  <a
    className="active"
    href="/"
    onClick={[Function]}
  >
    Your Week
  </a>
  <a
    className=""
    href="/recipes"
    onClick={[Function]}
  >
    Recipes
  </a>
  <a
    className=""
    href="/settings"
    onClick={[Function]}
  >
    <img
      src="test-file-stub"
    />
  </a>
</nav>
`;
