// Jest Snapshot v1, https://goo.gl/fbAQLP

exports[`ImageSelector basic snapshot render 1`] = `
<label
  className="sc-AxirZ igNEsn"
  htmlFor="title"
>
  <span>
    The Image Selector Title
  </span>
  <input
    accept="image/jpeg,image/png"
    hidden={true}
    id="title"
    name="title"
    onChange={[Function]}
    type="file"
  />
  <figure>
    <img
      src="value"
    />
  </figure>
  <div />
</label>
`;
