// Jest Snapshot v1, https://goo.gl/fbAQLP

exports[`Stars basic snapshot render 1`] = `
<section
  className="sc-AxjAm jseqAN"
>
  <mark>
    ★
  </mark>
  <mark>
    ★
  </mark>
  <mark>
    ★
  </mark>
  <mark>
    ★
  </mark>
</section>
`;
